// Jest Snapshot v1, https://goo.gl/fbAQLP

exports[`LoginView renders without crashing 1`] = `
<WithStyles(ForwardRef(Grid))
  component="main"
  container={true}
>
  <WithStyles(ForwardRef(Grid))
    alignItems="center"
    container={true}
    item={true}
    justify="center"
    md={7}
    sm={5}
    xs={false}
  >
    <img
      alt="Background"
      className="makeStyles-image-5"
      src="delivery.svg"
    />
  </WithStyles(ForwardRef(Grid))>
  <WithStyles(ForwardRef(Grid))
    className="makeStyles-paper-1"
    item={true}
    md={5}
    sm={7}
    xs={12}
  >
    <WithStyles(ForwardRef(Typography))
      className="makeStyles-title-2"
      gutterBottom={true}
      variant="h5"
    >
      Selamat Datang di SPO 1047
    </WithStyles(ForwardRef(Typography))>
    <WithStyles(ForwardRef(Typography))
      variant="subtitle1"
    >
      Silahkan masuk untuk melanjutkan
    </WithStyles(ForwardRef(Typography))>
    <form
      className="makeStyles-form-3"
      onSubmit={[Function]}
    >
      <WithStyles(ForwardRef(TextField))
        autoComplete="email"
        autoFocus={true}
        fullWidth={true}
        id="email"
        label="Alamat Email"
        margin="normal"
        name="email"
        onBlur={[Function]}
        onChange={[Function]}
        required={true}
        type="email"
        value=""
        variant="outlined"
      />
      <WithStyles(ForwardRef(TextField))
        fullWidth={true}
        id="password"
        label="Kata Sandi"
        margin="normal"
        name="password"
        onBlur={[Function]}
        onChange={[Function]}
        required={true}
        type="password"
        value=""
        variant="outlined"
      />
      <WithStyles(ForwardRef(FormControlLabel))
        control={
          <ForwardRef(WithStyles)
            color="primary"
            value="remember"
          />
        }
        label="Ingat Saya"
      />
      <WithStyles(ForwardRef(Button))
        className="makeStyles-submit-4"
        color="primary"
        fullWidth={true}
        type="submit"
        variant="contained"
      >
        Masuk
      </WithStyles(ForwardRef(Button))>
      <WithStyles(ForwardRef(Grid))
        container={true}
      >
        <WithStyles(ForwardRef(Grid))
          item={true}
          xs={true}
        >
          <WithStyles(ForwardRef(Link))
            href="!#"
            variant="body2"
          >
            Lupa Password?
          </WithStyles(ForwardRef(Link))>
        </WithStyles(ForwardRef(Grid))>
        <WithStyles(ForwardRef(Grid))
          item={true}
        >
          <WithStyles(ForwardRef(Link))
            href="!#"
            variant="body2"
          >
            Tidak punya akun? Daftar
          </WithStyles(ForwardRef(Link))>
        </WithStyles(ForwardRef(Grid))>
      </WithStyles(ForwardRef(Grid))>
    </form>
  </WithStyles(ForwardRef(Grid))>
</WithStyles(ForwardRef(Grid))>
`;
